{"seq":1,"ts":1790331102609,"type":"BOOT","data":{"firstRun":true},"prev":"GENESIS","hash":"ba0575f6de0a2d5ac1d94e471e68b95855718aaf3774fd4b74ac02b40851338f"}
{"seq":2,"ts":1790331128674,"type":"ORDER_START","data":{"id":"ORD-1","item":"Water purifier","amount":10213,"requestId":"req-0.755403176535202"},"prev":"ba0575f6de0a2d5ac1d94e471e68b95855718aaf3774fd4b74ac02b40851338f","hash":"b3128a9df2c59d371afd6db4817ee819b42037470cfbf40e0fc28d935f0d571f"}
{"seq":3,"ts":1790331129309,"type":"ORDER_START","data":{"id":"ORD-2","item":"Water purifier","amount":511,"requestId":"req-0.08561933120366683"},"prev":"b3128a9df2c59d371afd6db4817ee819b42037470cfbf40e0fc28d935f0d571f","hash":"30693f0bfde3297e4ab711dd6929f0255864ea01f0ee3e0999c565ac2d303bc9"}
{"seq":4,"ts":1790331129381,"type":"ORDER_DONE","data":{"id":"ORD-1"},"prev":"30693f0bfde3297e4ab711dd6929f0255864ea01f0ee3e0999c565ac2d303bc9","hash":"d9e8a63a34bffb4ee25a4ccb4043ba575e84366047e7b5413a08ac3f37d88bbd"}
{"seq":5,"ts":1790331129779,"type":"ORDER_START","data":{"id":"ORD-3","item":"First-aid box","amount":339,"requestId":"req-0.7771323630314452"},"prev":"d9e8a63a34bffb4ee25a4ccb4043ba575e84366047e7b5413a08ac3f37d88bbd","hash":"0f4ea220eb897da3082c0e8edaa9a373d666ab133c77095903acc8c8543d08f9"}
{"seq":6,"ts":1790331129925,"type":"ORDER_START","data":{"id":"ORD-4","item":"Medicine pack","amount":247,"requestId":"req-0.5922708870027819"},"prev":"0f4ea220eb897da3082c0e8edaa9a373d666ab133c77095903acc8c8543d08f9","hash":"db0f33397bf9283f39a88b4afeeb94da745968d060bc33b724cc4000d6cf0ef6"}
{"seq":7,"ts":1790331130015,"type":"ORDER_DONE","data":{"id":"ORD-2"},"prev":"db0f33397bf9283f39a88b4afeeb94da745968d060bc33b724cc4000d6cf0ef6","hash":"38b30524c273f244a8249a065ae00867c1f5bbc8ec5b264b4cb9117fbca3c3f1"}
{"seq":8,"ts":1790331130073,"type":"ORDER_START","data":{"id":"ORD-5","item":"Water purifier","amount":918,"requestId":"req-0.4541935835757833"},"prev":"38b30524c273f244a8249a065ae00867c1f5bbc8ec5b264b4cb9117fbca3c3f1","hash":"9f4fd95f399cd718ee96f02143c071ef257b66e6ca1e94c4635b1aaa01afd816"}
{"seq":9,"ts":1790331130290,"type":"ORDER_START","data":{"id":"ORD-6","item":"First-aid box","amount":932,"requestId":"req-0.8020829408496204"},"prev":"9f4fd95f399cd718ee96f02143c071ef257b66e6ca1e94c4635b1aaa01afd816","hash":"5d4aa8e929e257a7fcc03c3cb5c3d5ba50b9e338e0ba2e1fb428f69706878830"}
{"seq":10,"ts":1790331130483,"type":"ORDER_DONE","data":{"id":"ORD-3"},"prev":"5d4aa8e929e257a7fcc03c3cb5c3d5ba50b9e338e0ba2e1fb428f69706878830","hash":"f6ac6a9c374c42f8bc8f18033ce6cfc887ab0158f2afcb002eab1707bae833ed"}
{"seq":11,"ts":1790331130637,"type":"ORDER_DONE","data":{"id":"ORD-4"},"prev":"f6ac6a9c374c42f8bc8f18033ce6cfc887ab0158f2afcb002eab1707bae833ed","hash":"c3db3c5de9f0492591b63af25837822fccbc29bd409af8512220903acc770975"}
{"seq":12,"ts":1790331130779,"type":"ORDER_DONE","data":{"id":"ORD-5"},"prev":"c3db3c5de9f0492591b63af25837822fccbc29bd409af8512220903acc770975","hash":"9f590ef8cdceb22ae6f0f223dcbcca53d86f9e699cd6cbf39087bceb8a6a2439"}
{"seq":13,"ts":1790331130885,"type":"ORDER_START","data":{"id":"ORD-7","item":"Vaccine kit","amount":450,"requestId":"req-0.7301598652574298"},"prev":"9f590ef8cdceb22ae6f0f223dcbcca53d86f9e699cd6cbf39087bceb8a6a2439","hash":"df31acadec9fb34f4deb8766cbab535a6ed2bf0299c8a6d9d2a51cf0e078c3f5"}
{"seq":14,"ts":1790331130888,"type":"DUPLICATE_BLOCKED","data":{"requestId":"req-0.7301598652574298","orderId":"ORD-7"},"prev":"df31acadec9fb34f4deb8766cbab535a6ed2bf0299c8a6d9d2a51cf0e078c3f5","hash":"ab2e2109dd6affb1f0472c5bad1a778446767be25d34925465dde0e73a5f45c0"}
{"seq":15,"ts":1790331130891,"type":"DUPLICATE_BLOCKED","data":{"requestId":"req-0.7301598652574298","orderId":"ORD-7"},"prev":"ab2e2109dd6affb1f0472c5bad1a778446767be25d34925465dde0e73a5f45c0","hash":"b8983ed3535c485d755aaa7c13b955ef8bdea3585a9351a31f2b9bf1b1120ab8"}
{"seq":16,"ts":1790331130897,"type":"DUPLICATE_BLOCKED","data":{"requestId":"req-0.7301598652574298","orderId":"ORD-7"},"prev":"b8983ed3535c485d755aaa7c13b955ef8bdea3585a9351a31f2b9bf1b1120ab8","hash":"b1b6c11cc249fbb563a59a458f174837b82a63bd61ddda35fa1e28a9d1c93314"}
{"seq":17,"ts":1790331130901,"type":"DUPLICATE_BLOCKED","data":{"requestId":"req-0.7301598652574298","orderId":"ORD-7"},"prev":"b1b6c11cc249fbb563a59a458f174837b82a63bd61ddda35fa1e28a9d1c93314","hash":"cd5bcb6f51e1cebe254ad2ee3f78a5f18d8986ca2ef71fe975fc239607e9792c"}
{"seq":18,"ts":1790331130999,"type":"ORDER_DONE","data":{"id":"ORD-6"},"prev":"cd5bcb6f51e1cebe254ad2ee3f78a5f18d8986ca2ef71fe975fc239607e9792c","hash":"437994c632324fba7a1ccab1e1a0c3aa9a123f6cf2cf62ccf62f19123c87291e"}
{"seq":19,"ts":1790331131591,"type":"ORDER_DONE","data":{"id":"ORD-7"},"prev":"437994c632324fba7a1ccab1e1a0c3aa9a123f6cf2cf62ccf62f19123c87291e","hash":"4ecb15f95989899300f74c12b93fab7626f94b4034323b7606b2a7d7560c0cac"}
{"seq":20,"ts":1790331133343,"type":"ORDER_START","data":{"id":"ORD-8","item":"Order in progress at crash","amount":999,"requestId":"crash-1790331133343"},"prev":"4ecb15f95989899300f74c12b93fab7626f94b4034323b7606b2a7d7560c0cac","hash":"82cfdf3443c9e8354b211a0a9f9b8b42622b0ffd0c7b447186ffb1239eac8706"}
{"seq":21,"ts":1790331135093,"type":"CRASH_DETECTED","data":{"lastEvent":"ORDER_START","downtimeMs":1746,"inflight":["ORD-8"],"tornWrite":false},"prev":"82cfdf3443c9e8354b211a0a9f9b8b42622b0ffd0c7b447186ffb1239eac8706","hash":"036b627a86365234c03748465ed67ec68781a6b03d51d4eea56ea27490d85a13"}
{"seq":22,"ts":1790331135098,"type":"ORDER_ROLLED_BACK","data":{"id":"ORD-8","reason":"crashed before completion"},"prev":"036b627a86365234c03748465ed67ec68781a6b03d51d4eea56ea27490d85a13","hash":"fdc8ca505406312921ee214e3bfbfbde9609e3e1369ec536d07327f71dc97974"}
{"seq":23,"ts":1790331135100,"type":"RECOVERY_COMPLETE","data":{"recoveryMs":11,"rolledBack":1},"prev":"fdc8ca505406312921ee214e3bfbfbde9609e3e1369ec536d07327f71dc97974","hash":"5b9c7689b68b9719ffef84c4605eb9c6883e75ea13ec8057e46abff1872d58a2"}
{"seq":24,"ts":1790331288951,"type":"SHUTDOWN","data":{},"prev":"5b9c7689b68b9719ffef84c4605eb9c6883e75ea13ec8057e46abff1872d58a2","hash":"a31c1ee399d925821724737438c6dd87693e735dd716e80fd844f71aa3dcfbe5"}
{"seq":25,"ts":1790331310911,"type":"BOOT","data":{"firstRun":false},"prev":"a31c1ee399d925821724737438c6dd87693e735dd716e80fd844f71aa3dcfbe5","hash":"6b4bf08fa41f6a862d0313a8430b1e64e2d0cad27b7235516530ac81d3681c9f"}
{"seq":26,"ts":1790331338500,"type":"ORDER_START","data":{"id":"ORD-9","item":"First-aid box","amount":716,"requestId":"req-0.571067524691701"},"prev":"6b4bf08fa41f6a862d0313a8430b1e64e2d0cad27b7235516530ac81d3681c9f","hash":"4b8b3e22d0bdaeea6820c9a66178af69e7df77518ce365014a67c263e1cb0b5d"}
{"seq":27,"ts":1790331339209,"type":"ORDER_DONE","data":{"id":"ORD-9"},"prev":"4b8b3e22d0bdaeea6820c9a66178af69e7df77518ce365014a67c263e1cb0b5d","hash":"4d722287cb53e2aea51a3e682aa09ba7b5648622795cb857811fbafe9e488829"}
{"seq":28,"ts":1790331339821,"type":"ORDER_START","data":{"id":"ORD-10","item":"Water purifier","amount":489,"requestId":"req-0.24006755743137742"},"prev":"4d722287cb53e2aea51a3e682aa09ba7b5648622795cb857811fbafe9e488829","hash":"497cde8f8bb878b0ff02ebe788e7d7ac53285d768845a2b71cab463c0f3c72a6"}
{"seq":29,"ts":1790331340504,"type":"ORDER_START","data":{"id":"ORD-11","item":"Water purifier","amount":725,"requestId":"req-0.1274337666368054"},"prev":"497cde8f8bb878b0ff02ebe788e7d7ac53285d768845a2b71cab463c0f3c72a6","hash":"7a528e5a21525a6d18c6501e7045fdc866d3b9948ab303ca8a14fb232d4bfa18"}
{"seq":30,"ts":1790331340537,"type":"ORDER_DONE","data":{"id":"ORD-10"},"prev":"7a528e5a21525a6d18c6501e7045fdc866d3b9948ab303ca8a14fb232d4bfa18","hash":"0edb56d45d575d87b4bfcbf3cc2c19229f29d1ce326b632ade8d3e99389173b1"}
{"seq":31,"ts":1790331341209,"type":"ORDER_DONE","data":{"id":"ORD-11"},"prev":"0edb56d45d575d87b4bfcbf3cc2c19229f29d1ce326b632ade8d3e99389173b1","hash":"5695eff5d14484acef18dd7b48380ccb0ed6dca70b6c7d73c4bb353857fcb239"}
{"seq":32,"ts":1790331341744,"type":"ORDER_START","data":{"id":"ORD-12","item":"Vaccine kit","amount":450,"requestId":"req-0.25207909731832556"},"prev":"5695eff5d14484acef18dd7b48380ccb0ed6dca70b6c7d73c4bb353857fcb239","hash":"d2a7d198ac7c0b0292e817a661dc83b295b9dfdd47024c3d9a797b3772492ae4"}
{"seq":33,"ts":1790331341749,"type":"DUPLICATE_BLOCKED","data":{"requestId":"req-0.25207909731832556","orderId":"ORD-12"},"prev":"d2a7d198ac7c0b0292e817a661dc83b295b9dfdd47024c3d9a797b3772492ae4","hash":"5e9b199e663962b169225efa99bbf0f3bdecff533d81aed593422560ad02d45f"}
{"seq":34,"ts":1790331341762,"type":"DUPLICATE_BLOCKED","data":{"requestId":"req-0.25207909731832556","orderId":"ORD-12"},"prev":"5e9b199e663962b169225efa99bbf0f3bdecff533d81aed593422560ad02d45f","hash":"589ac56760941738fbebe4e70f7be2a317e7f96337aee42cd72ac43247eee2dc"}
{"seq":35,"ts":1790331341768,"type":"DUPLICATE_BLOCKED","data":{"requestId":"req-0.25207909731832556","orderId":"ORD-12"},"prev":"589ac56760941738fbebe4e70f7be2a317e7f96337aee42cd72ac43247eee2dc","hash":"3821a0aa0e63c441ce306e666d941025f85f4e26a361dead7cae140fcdab860f"}
{"seq":36,"ts":1790331341774,"type":"DUPLICATE_BLOCKED","data":{"requestId":"req-0.25207909731832556","orderId":"ORD-12"},"prev":"3821a0aa0e63c441ce306e666d941025f85f4e26a361dead7cae140fcdab860f","hash":"9a0cc20983915eb3210f1669121c17bc1430cc7d116a04e057f9537cb7f5e9d3"}
{"seq":37,"ts":1790331342449,"type":"ORDER_DONE","data":{"id":"ORD-12"},"prev":"9a0cc20983915eb3210f1669121c17bc1430cc7d116a04e057f9537cb7f5e9d3","hash":"245fa47827373e0ae2370dfb38f242e0b6292042ac86e884ff5f6b759ecb237d"}
{"seq":38,"ts":1790331343798,"type":"ORDER_START","data":{"id":"ORD-13","item":"Order in progress at crash","amount":999,"requestId":"crash-1790331343798"},"prev":"245fa47827373e0ae2370dfb38f242e0b6292042ac86e884ff5f6b759ecb237d","hash":"a2584932984567e447675bccda2b921b83ddd7d3a4b4130b43099e105b361496"}
{"seq":39,"ts":1790331345534,"type":"CRASH_DETECTED","data":{"lastEvent":"ORDER_START","downtimeMs":1735,"inflight":["ORD-13"],"tornWrite":false},"prev":"a2584932984567e447675bccda2b921b83ddd7d3a4b4130b43099e105b361496","hash":"8ccb9e6e26f87e7b61e364f01ee4881499fe40507a070db5ababc00a02400bc0"}
{"seq":40,"ts":1790331345535,"type":"ORDER_ROLLED_BACK","data":{"id":"ORD-13","reason":"crashed before completion"},"prev":"8ccb9e6e26f87e7b61e364f01ee4881499fe40507a070db5ababc00a02400bc0","hash":"e41d5148065849f4812fb292940acb844becd1eaca8fc59d0483b09759d74c17"}
{"seq":41,"ts":1790331345535,"type":"RECOVERY_COMPLETE","data":{"recoveryMs":2,"rolledBack":1},"prev":"e41d5148065849f4812fb292940acb844becd1eaca8fc59d0483b09759d74c17","hash":"15cbf920196b23e870d3abd40db0604114abcfc82a4abe472e754047c525579f"}
{"seq":42,"ts":1790331373585,"type":"ORDER_START","data":{"id":"ORD-14","item":"Vaccine kit","amount":275,"requestId":"req-0.4190233556687125"},"prev":"15cbf920196b23e870d3abd40db0604114abcfc82a4abe472e754047c525579f","hash":"c39dfe51334e4e03f8cbcf8c292a507a88b9bd6083f082136f0866277de1f891"}
{"seq":43,"ts":1790331374295,"type":"ORDER_DONE","data":{"id":"ORD-14"},"prev":"c39dfe51334e4e03f8cbcf8c292a507a88b9bd6083f082136f0866277de1f891","hash":"e8d4ae16a80edd15b25eeb3a0ab5a356f82fdb28eaa8d4ed705558b5dab43636"}
{"seq":44,"ts":1790333538411,"type":"SHUTDOWN","data":{},"prev":"e8d4ae16a80edd15b25eeb3a0ab5a356f82fdb28eaa8d4ed705558b5dab43636","hash":"398bd4662ebec7ef70454be0ec88fa93816841533ee2914a9c318a8a25766c37"}
